
> my-v0-project@0.1.0 build
> next build

node.exe : 
[baseline-browser-mapping] 
The data in this module is 
over two months old.  To 
ensure accurate Baseline 
data, please update: `npm i b
aseline-browser-mapping@lates
t -D`
At line:1 char:1
+ & "C:\Program 
Files\nodejs/node.exe" 
"C:\Program 
Files\nodejs/node_mo ...
+ ~~~~~~~~~~~~~~~~~~~~~~~~~~~
~~~~~~~~~~~~~~~~~~~~~~~~~~~~~
~~~~~~~~~~~~~
    + CategoryInfo           
   : NotSpecified: ([baseli  
  ne-brows...ping@latest -   
 D`:String) [], RemoteExc    
eption
    + FullyQualifiedErrorId  
   : NativeCommandError
 
   Γû▓ Next.js 16.0.10 (Turbopack)
   - Environments: .env.local

   Creating an optimized production build ...
[baseline-browser-mapping] 
The data in this module is 
over two months old.  To 
ensure accurate Baseline 
data, please update: `npm i b
aseline-browser-mapping@lates
t -D`
Error: Cannot apply unknown 
utility class 
`border-border`. Are you 
using CSS modules or similar 
and missing `@reference`? htt
ps://tailwindcss.com/docs/fun
ctions-and-directives#referen
ce-directive
    [2m[at 
onInvalidCandidate (C:\Users\
ankit\OneDrive\Desktop\skill-
twin-engine (1)\node_modules\
tailwindcss\dist\lib.js:21:13
14)][0m
    [2m[at Te (C:\Users\anki
t\OneDrive\Desktop\skill-twin
-engine (1)\node_modules\tail
windcss\dist\lib.js:16:36652)
][0m
    [2m[at C:\Users\ankit\On
eDrive\Desktop\skill-twin-eng
ine (1)\node_modules\tailwind
css\dist\lib.js:21:355)][0m
    [2m[at Rr (C:\Users\anki
t\OneDrive\Desktop\skill-twin
-engine (1)\node_modules\tail
windcss\dist\lib.js:3:1718)]
[0m
    [2m[at _ (C:\Users\ankit
\OneDrive\Desktop\skill-twin-
engine (1)\node_modules\tailw
indcss\dist\lib.js:3:1377)][
0m
    [2m[at $e (C:\Users\anki
t\OneDrive\Desktop\skill-twin
-engine (1)\node_modules\tail
windcss\dist\lib.js:21:172)]
[0m
    [2m[at un (C:\Users\anki
t\OneDrive\Desktop\skill-twin
-engine (1)\node_modules\tail
windcss\dist\lib.js:38:294)]
[0m
    [2m[at process.processTi
cksAndRejections (node:intern
al/process/task_queues:103:5)
][0m
    [2m[at async cn (C:\User
s\ankit\OneDrive\Desktop\skil
l-twin-engine (1)\node_module
s\tailwindcss\dist\lib.js:38:
631)][0m
    [2m[at async Xr (C:\User
s\ankit\OneDrive\Desktop\skil
l-twin-engine (1)\node_module
s\@tailwindcss\node\dist\inde
x.js:10:3417)][0m

> Build error occurred
Error: Turbopack build 
failed with 1 errors:
./app/globals.css
Error evaluating Node.js code
CssSyntaxError: tailwindcss: 
C:\Users\ankit\OneDrive\Deskt
op\skill-twin-engine 
(1)\app\globals.css:1:1: 
Cannot apply unknown utility 
class `border-border`. Are 
you using CSS modules or 
similar and missing 
`@reference`? https://tailwin
dcss.com/docs/functions-and-d
irectives#reference-directive
    at Input.error (node_modu
les/postcss/lib/input.js:135:
16) [C:\Users\ankit\OneDrive\
Desktop\skill-twin-engine (1)
\.next\build\chunks\node_modu
les_fe693df6._.js:4651:22]
    at Root.error (node_modul
es/postcss/lib/node.js:146:32
) [C:\Users\ankit\OneDrive\De
sktop\skill-twin-engine (1)\.
next\build\chunks\node_module
s_fe693df6._.js:928:38]
    [at Object.Once (C:\Users
\ankit\OneDrive\Desktop\skill
-twin-engine (1)\node_modules
\@tailwindcss\postcss\dist\in
dex.js:10:6911)]
    [at process.processTicksA
ndRejections (node:internal/p
rocess/task_queues:103:5)]
    at async 
LazyResult.runAsync (node_mod
ules/postcss/lib/lazy-result.
js:293:11) [C:\Users\ankit\On
eDrive\Desktop\skill-twin-eng
ine (1)\.next\build\chunks\no
de_modules_fe693df6._.js:6206
:21]
    at async transform (turbo
pack:///[turbopack-node]/tran
sforms/postcss.ts:70:34) [C:\
Users\ankit\OneDrive\Desktop\
skill-twin-engine (1)\.next\b
uild\chunks\[root-of-the-serv
er]__51225daf._.js:146:36]
    at async run (turbopack:/
//[turbopack-node]/ipc/evalua
te.ts:92:23) [C:\Users\ankit\
OneDrive\Desktop\skill-twin-e
ngine (1)\.next\build\chunks\
[root-of-the-server]__974941e
d._.js:443:31]

Import trace:
  Client Component Browser:
    ./app/globals.css 
[Client Component Browser]
    ./app/layout.tsx [Server 
Component]


    at async transform (turbo
pack:///[turbopack-node]/tran
sforms/postcss.ts:70:34) [C:\
Users\ankit\OneDrive\Desktop\
skill-twin-engine (1)\.next\b
uild\chunks\[root-of-the-serv
er]__51225daf._.js:146:36])
    at async run (turbopack:/
//[turbopack-node]/ipc/evalua
te.ts:92:23) [C:\Users\ankit\
OneDrive\Desktop\skill-twin-e
ngine (1)\.next\build\chunks\
[root-of-the-server]__974941e
d._.js:443:31])
